// Vitest Snapshot v1, https://vitest.dev/guide/snapshot.html

exports[`Testing Landing Screen > initial render 1`] = `[Function]`;
